#
# There is insufficient memory for the Java Runtime Environment to continue.
# Native memory allocation (mmap) failed to map 121634816 bytes. Error detail: G1 virtual space
# Possible reasons:
#   The system is out of physical RAM or swap space
#   This process is running with CompressedOops enabled, and the Java Heap may be blocking the growth of the native heap
# Possible solutions:
#   Reduce memory load on the system
#   Increase physical memory or swap space
#   Check if swap backing store is full
#   Decrease Java heap size (-Xmx/-Xms)
#   Decrease number of Java threads
#   Decrease Java thread stack sizes (-Xss)
#   Set larger code cache with -XX:ReservedCodeCacheSize=
#   JVM is running with Unscaled Compressed Oops mode in which the Java heap is
#     placed in the first 4GB address space. The Java Heap base address is the
#     maximum limit for the native heap growth. Please use -XX:HeapBaseMinAddress
#     to set the Java Heap base and to place the Java Heap above 4GB virtual address.
# This output file may be truncated or incomplete.
#
#  Out of Memory Error (os_windows.cpp:3554), pid=34856, tid=35592
#
# JRE version:  (25.0.1+8) (build )
# Java VM: OpenJDK 64-Bit Server VM (25.0.1+8-27, mixed mode, sharing, tiered, compressed oops, compressed class ptrs, g1 gc, windows-amd64)
# No core dump will be written. Minidumps are not enabled by default on client versions of Windows
#

---------------  S U M M A R Y ------------

Command Line: -javaagent:C:\Users\crist\AppData\Local\JetBrains\IntelliJIdea2025.3\captureAgent\debugger-agent.jar=file:///C:/Users/crist/AppData/Local/Temp/capture6103639983252362225.props -ea -Didea.test.cyclic.buffer.size=1048576 -javaagent:C:\Users\crist\AppData\Local\Programs\IntelliJ IDEA 2025.3.1.1\lib\idea_rt.jar=50901 -Dkotlinx.coroutines.debug.enable.creation.stack.trace=false -Ddebugger.agent.enable.coroutines=true -Dkotlinx.coroutines.debug.enable.flows.stack.trace=true -Dkotlinx.coroutines.debug.enable.mutable.state.flows.stack.trace=true -Ddebugger.async.stack.trace.for.all.threads=true -Dfile.encoding=UTF-8 -Dsun.stdout.encoding=UTF-8 -Dsun.stderr.encoding=UTF-8 com.intellij.rt.junit.JUnitStarter -ideVersion5 -junit5 com.example.maqueta_integradora.model.dao.OfertaDaoTest

Host: AMD Ryzen 3 7320U with Radeon Graphics         , 8 cores, 7G,  Windows 11 , 64 bit Build 26100 (10.0.26100.9168)
Time: Wed Aug 26 03:47:23 2026 Hora estándar central (México) elapsed time: 2.064914 seconds (0d 0h 0m 2s)

---------------  T H R E A D  ---------------

Current thread (0x000001fe7e1654f0):  JavaThread "Unknown thread" [_thread_in_vm, id=35592, stack(0x0000001122f00000,0x0000001123000000) (1024K)]

Stack: [0x0000001122f00000,0x0000001123000000]
Native frames: (J=compiled Java code, j=interpreted, Vv=VM code, C=native code)
V  [jvm.dll+0x7a6b59]  (no source info available)
V  [jvm.dll+0x77290d]  (no source info available)
V  [jvm.dll+0x966153]  (no source info available)
V  [jvm.dll+0x968751]  (no source info available)
V  [jvm.dll+0x968e53]  (no source info available)
V  [jvm.dll+0x2fc756]  (no source info available)
V  [jvm.dll+0x7a2d85]  (no source info available)
V  [jvm.dll+0x796197]  (no source info available)
V  [jvm.dll+0x3f4698]  (no source info available)
V  [jvm.dll+0x3fc5b6]  (no source info available)
V  [jvm.dll+0x3e8c8e]  (no source info available)
V  [jvm.dll+0x3e8f48]  (no source info available)
V  [jvm.dll+0x3c0045]  (no source info available)
V  [jvm.dll+0x3c0cce]  (no source info available)
V  [jvm.dll+0x92c837]  (no source info available)
V  [jvm.dll+0x458bc2]  (no source info available)
V  [jvm.dll+0x9101e2]  (no source info available)
V  [jvm.dll+0x4f9061]  (no source info available)
V  [jvm.dll+0x4fa8f1]  (no source info available)
C  [jli.dll+0x543e]  (no source info available)
C  [ucrtbase.dll+0x2cd30]  (no source info available)
C  [KERNEL32.DLL+0x2ccb7]  (no source info available)
C  [ntdll.dll+0xaad6c]  (no source info available)

Lock stack of current Java thread (top to bottom):


---------------  P R O C E S S  ---------------

Threads class SMR info:
_java_thread_list=0x00007ff903cd5308, length=0, elements={
}

Java Threads: ( => current thread )
Total: 0

Other Threads:
  0x000001fe7e1ba990 WorkerThread "GC Thread#0"                     [id=31960, stack(0x0000001123000000,0x0000001123100000) (1024K)]
  0x000001fe7e1d2550 ConcurrentGCThread "G1 Main Marker"            [id=9588, stack(0x0000001123100000,0x0000001123200000) (1024K)]
  0x000001fe7e1d30f0 WorkerThread "G1 Conc#0"                       [id=34100, stack(0x0000001123200000,0x0000001123300000) (1024K)]

[error occurred during error reporting (printing all threads), id 0xc0000005, EXCEPTION_ACCESS_VIOLATION (0xc0000005) at pc=0x00007ff9033b4c2a]
VM state: not at safepoint (not fully initialized)

VM Mutex/Monitor currently owned by a thread:  ([mutex/lock_event])
[0x00007ff903d59668] Heap_lock - owner thread: 0x000001fe7e1654f0

Heap address: 0x000000008c000000, size: 1856 MB, Compressed Oops mode: 32-bit

CDS archive(s) mapped at: [0x0000000000000000-0x0000000000000000-0x0000000000000000), size 0, SharedBaseAddress: 0x0000000800000000, ArchiveRelocationMode: 1.
UseCompressedClassPointers 1, UseCompactObjectHeaders 0
Narrow klass pointer bits 32, Max shift 3
Narrow klass base: 0xffffffffffffffff, Narrow klass shift: -1
Encoding Range: [0xffffffffffffffff - 0x000000007fffffff), (2147483648 bytes)
Klass Range:    [0x0000000000000000 - 0x0000000000000000), (0 bytes)
Klass ID Range:  [4294967295 - 0) (1)
No protection zone.

GC Precious Log:
 CardTable entry size: 512
 Card Set container configuration: InlinePtr #cards 5 size 8 Array Of Cards #cards 10 size 36 Howl #buckets 4 coarsen threshold 1843 Howl Bitmap #cards 512 size 80 coarsen threshold 460 Card regions per heap region 1 cards per card region 2048

Heap:
 garbage-first heap   total reserved 1900544K, committed 0K, used 0K [0x000000008c000000, 0x0000000100000000)
  region size 1024K, 0 young (0K), 0 survivors (0K)

Heap Regions: E=young(eden), S=young(survivor), O=old, HS=humongous(starts), HC=humongous(continues), CS=collection set, F=free, TAMS=top-at-mark-start, PB=parsable bottom

Card table byte_map: [0x000001fe7ea00000,0x000001fe7eda0000] _byte_map_base: 0x000001fe7e5a0000

Marking Bits: (CMBitMap*) 0x000001fe7e1bb120
 Bits: [0x000001fe177c0000, 0x000001fe194c0000)

GC Heap Usage History (0 events):
No events

Metaspace Usage History (0 events):
No events

Dll operation events (2 events):
Event: 0.031 Loaded shared library C:\Users\crist\.jdks\openjdk-25.0.1\bin\java.dll
Event: 0.035 Loaded shared library C:\Users\crist\.jdks\openjdk-25.0.1\bin\zip.dll

Deoptimization events (0 events):
No events

Classes loaded (0 events):
No events

Classes unloaded (0 events):
No events

Classes redefined (0 events):
No events

Internal exceptions (0 events):
No events

VM Operations (0 events):
No events

Memory protections (0 events):
No events

Nmethod flushes (0 events):
No events

Events (0 events):
No events


Dynamic libraries:
0x00007ff798260000 - 0x00007ff79826e000 	C:\Users\crist\.jdks\openjdk-25.0.1\bin\java.exe
0x00007ffa11c20000 - 0x00007ffa11e86000 	C:\windows\SYSTEM32\ntdll.dll
0x00007ffa10eb0000 - 0x00007ffa10f79000 	C:\windows\System32\KERNEL32.DLL
0x00007ffa0f020000 - 0x00007ffa0f41f000 	C:\windows\System32\KERNELBASE.dll
0x00007ffa0f710000 - 0x00007ffa0f85c000 	C:\windows\System32\ucrtbase.dll
0x00007ff9ef1e0000 - 0x00007ff9ef1f7000 	C:\Users\crist\.jdks\openjdk-25.0.1\bin\jli.dll
0x00007ff9ef130000 - 0x00007ff9ef14e000 	C:\Users\crist\.jdks\openjdk-25.0.1\bin\VCRUNTIME140.dll
0x00007ffa11840000 - 0x00007ffa11a06000 	C:\windows\System32\USER32.dll
0x00007ff9efe40000 - 0x00007ff9f00d1000 	C:\windows\WinSxS\amd64_microsoft.windows.common-controls_6595b64144ccf1df_6.0.26100.8972_none_3e0da176e32f9d4b\COMCTL32.dll
0x00007ffa0f920000 - 0x00007ffa0f947000 	C:\windows\System32\win32u.dll
0x00007ffa11620000 - 0x00007ffa116c9000 	C:\windows\System32\msvcrt.dll
0x00007ffa108d0000 - 0x00007ffa108fb000 	C:\windows\System32\GDI32.dll
0x00007ffa0eef0000 - 0x00007ffa0f019000 	C:\windows\System32\gdi32full.dll
0x00007ffa0f870000 - 0x00007ffa0f913000 	C:\windows\System32\msvcp_win.dll
0x00007ffa104d0000 - 0x00007ffa10502000 	C:\windows\System32\IMM32.DLL
0x00007ffa08560000 - 0x00007ffa0856c000 	C:\Users\crist\.jdks\openjdk-25.0.1\bin\vcruntime140_1.dll
0x00007ff9da1c0000 - 0x00007ff9da24d000 	C:\Users\crist\.jdks\openjdk-25.0.1\bin\msvcp140.dll
0x00007ff902fe0000 - 0x00007ff903e3f000 	C:\Users\crist\.jdks\openjdk-25.0.1\bin\server\jvm.dll
0x00007ffa10660000 - 0x00007ffa1071c000 	C:\windows\System32\ADVAPI32.dll
0x00007ffa11a10000 - 0x00007ffa11aba000 	C:\windows\System32\sechost.dll
0x00007ffa10900000 - 0x00007ffa10a18000 	C:\windows\System32\RPCRT4.dll
0x00007ffa10510000 - 0x00007ffa10592000 	C:\windows\System32\WS2_32.dll
0x00007ffa0ecb0000 - 0x00007ffa0ed0e000 	C:\windows\SYSTEM32\POWRPROF.dll
0x00007ff9ff8b0000 - 0x00007ff9ff8bb000 	C:\windows\SYSTEM32\VERSION.dll
0x00007ffa039a0000 - 0x00007ffa039d6000 	C:\windows\SYSTEM32\WINMM.dll
0x00007ffa0ec90000 - 0x00007ffa0eca5000 	C:\windows\SYSTEM32\UMPDC.dll
0x00007ffa0db20000 - 0x00007ffa0db3b000 	C:\windows\SYSTEM32\kernel.appcore.dll
0x00007ff9fba50000 - 0x00007ff9fba5a000 	C:\Users\crist\.jdks\openjdk-25.0.1\bin\jimage.dll
0x00007ffa01050000 - 0x00007ffa01292000 	C:\windows\SYSTEM32\DBGHELP.DLL
0x00007ffa11010000 - 0x00007ffa11395000 	C:\windows\System32\combase.dll
0x00007ffa114e0000 - 0x00007ffa115b9000 	C:\windows\System32\OLEAUT32.dll
0x00007ff9e9d00000 - 0x00007ff9e9d3b000 	C:\windows\SYSTEM32\dbgcore.DLL
0x00007ffa0ee30000 - 0x00007ffa0eedc000 	C:\windows\System32\bcryptPrimitives.dll
0x00007ff9fba60000 - 0x00007ff9fba70000 	C:\Users\crist\.jdks\openjdk-25.0.1\bin\instrument.dll
0x00007ff9eca50000 - 0x00007ff9eca6f000 	C:\Users\crist\.jdks\openjdk-25.0.1\bin\java.dll
0x00007ffa10730000 - 0x00007ffa108c9000 	C:\windows\System32\ole32.dll
0x00007ffa0f950000 - 0x00007ffa100d8000 	C:\windows\System32\SHELL32.dll
0x00007ff9e8740000 - 0x00007ff9e8757000 	C:\Users\crist\.jdks\openjdk-25.0.1\bin\zip.dll

JVMTI agents:
C:\Users\crist\AppData\Local\JetBrains\IntelliJIdea2025.3\captureAgent\debugger-agent.jar path:none, loaded, not initialized, instrumentlib options:file:///C:/Users/crist/AppData/Local/Temp/capture6103639983252362225.props
C:\Users\crist\AppData\Local\Programs\IntelliJ IDEA 2025.3.1.1\lib\idea_rt.jar path:none, loaded, not initialized, instrumentlib options:50901

dbghelp: loaded successfully - version: 4.0.5 - missing functions: none
symbol engine: initialized successfully - sym options: 0x614 - pdb path: .;C:\Users\crist\.jdks\openjdk-25.0.1\bin;C:\windows\SYSTEM32;C:\windows\WinSxS\amd64_microsoft.windows.common-controls_6595b64144ccf1df_6.0.26100.8972_none_3e0da176e32f9d4b;C:\Users\crist\.jdks\openjdk-25.0.1\bin\server

VM Arguments:
jvm_args: -javaagent:C:\Users\crist\AppData\Local\JetBrains\IntelliJIdea2025.3\captureAgent\debugger-agent.jar=file:///C:/Users/crist/AppData/Local/Temp/capture6103639983252362225.props -ea -Didea.test.cyclic.buffer.size=1048576 -javaagent:C:\Users\crist\AppData\Local\Programs\IntelliJ IDEA 2025.3.1.1\lib\idea_rt.jar=50901 -Dkotlinx.coroutines.debug.enable.creation.stack.trace=false -Ddebugger.agent.enable.coroutines=true -Dkotlinx.coroutines.debug.enable.flows.stack.trace=true -Dkotlinx.coroutines.debug.enable.mutable.state.flows.stack.trace=true -Ddebugger.async.stack.trace.for.all.threads=true -Dfile.encoding=UTF-8 -Dsun.stdout.encoding=UTF-8 -Dsun.stderr.encoding=UTF-8 
java_command: com.intellij.rt.junit.JUnitStarter -ideVersion5 -junit5 com.example.maqueta_integradora.model.dao.OfertaDaoTest
java_class_path (initial): C:\Users\crist\.m2\repository\org\junit\platform\junit-platform-launcher\1.13.2\junit-platform-launcher-1.13.2.jar;C:\Users\crist\AppData\Local\Programs\IntelliJ IDEA 2025.3.1.1\lib\idea_rt.jar;C:\Users\crist\AppData\Local\Programs\IntelliJ IDEA 2025.3.1.1\plugins\junit\lib\junit6-rt.jar;C:\Users\crist\AppData\Local\Programs\IntelliJ IDEA 2025.3.1.1\plugins\junit\lib\junit5-rt.jar;C:\Users\crist\AppData\Local\Programs\IntelliJ IDEA 2025.3.1.1\plugins\junit\lib\junit-rt.jar;C:\Users\crist\OneDrive\Desktop\POO3\Proyecto_UNIMARKET\target\test-classes;C:\Users\crist\OneDrive\Desktop\POO3\Proyecto_UNIMARKET\target\classes;C:\Users\crist\.m2\repository\jakarta\servlet\jsp\jstl\jakarta.servlet.jsp.jstl-api\3.0.0\jakarta.servlet.jsp.jstl-api-3.0.0.jar;C:\Users\crist\.m2\repository\jakarta\el\jakarta.el-api\5.0.0\jakarta.el-api-5.0.0.jar;C:\Users\crist\.m2\repository\org\glassfish\web\jakarta.servlet.jsp.jstl\3.0.1\jakarta.servlet.jsp.jstl-3.0.1.jar;C:\Users\crist\.m2\repository\com\oracle\database\jdbc\ojdbc11\23.4.0.24.05\ojdbc11-23.4.0.24.05.jar;C:\Users\crist\.m2\repository\com\oracle\database\jdbc\ucp11\23.4.0.24.05\ucp11-23.4.0.24.05.jar;C:\Users\crist\.m2\repository\com\oracle\database\jdbc\rsi\23.4.0.24.05\rsi-23.4.0.24.05.jar;C:\Users\crist\.m2\repository\com\oracle\database\security\oraclepki\23.4.0.24.05\oraclepki-23.4.0.24.05.jar;C:\Users\crist\.m2\repository\com\oracle\database\ha\simplefan\23.4.0.24.05\simplefan-23.4.0.24.05.jar;C:\Users\crist\.m2\repository\com\oracle\database\ha\ons\23.4.0.24.05\ons-23.4.0.24.05.jar;C:\Users\crist\.m2\repository\com\oracle\database\nls\orai18n\23.4.0.24.05\orai18n-23.4.0.24.05.jar;C:\Users\crist\.m2\repository\com\oracle\database\xml\xdb\23.4.0.24.05\xdb-23.4.0.24.05.jar;C:\Users\crist\.m2\repository\com\oracle\database\xml\xmlparserv2\23.4.0.24.05\xmlparserv2-23.4.0.24.05.jar;C:\Users\crist\.m2\repository\com\zaxxer\HikariCP\6.0.0\HikariCP-6.0.0.jar;C:\Users\crist\.m2\repository\org\slf4j\slf4j-api\2.0.13\slf4j-api-2.0.13.jar;C:\Users\crist\.m2\repository\org\slf4j\slf4j-simple\2.0.13\slf4j-simple-2.0.13.jar;C:\Users\crist\.m2\repository\jakarta\mail\jakarta.mail-api\2.1.3\jakarta.mail-api-2.1.3.jar;C:\Users\crist\.m2\repository\jakarta\activation\jakarta.activation-api\2.1.3\jakarta.activation-api-2.1.3.jar;C:\Users\crist\.m2\repository\org\eclipse\angus\jakarta.mail\2.0.4\jakarta.mail-2.0.4.jar;C:\Users\crist\.m2\repository\org\eclipse\angus\angus-activation\2.0.2\angus-activation-2.0.2.jar;C:\Users\crist\.m2\repository\jakarta\servlet\jakarta.servlet-api\6.1.0\jakarta.servlet-api-6.1.0.jar;C:\Users\crist\.m2\repository\org\junit\jupiter\junit-jupiter-api\5.13.2\junit-jupiter-api-5.13.2.jar;C:\Users\crist\.m2\repository\org\opentest4j\opentest4j\1.3.0\opentest4j-1.3.0.jar;C:\Users\crist\.m2\repository\org\junit\platform\junit-platform-commons\1.13.2\junit-platform-commons-1.13.2.jar;C:\Users\crist\.m2\repository\org\apiguardian\apiguardian-api\1.1.2\apiguardian-api-1.1.2.jar;C:\Users\crist\.m2\repository\org\junit\jupiter\junit-jupiter-engine\5.13.2\junit-jupiter-engine-5.13.2.jar;C:\Users\crist\.m2\repository\org\junit\platform\junit-platform-engine\1.13.2\junit-platform-engine-1.13.2.jar;C:\Users\crist\.m2\repository\org\mockito\mockito-core\5.5.0\mockito-core-5.5.0.jar;C:\Users\crist\.m2\repository\net\bytebuddy\byte-buddy\1.14.6\byte-buddy-1.14.6.jar;C:\Users\crist\.m2\repository\net\bytebuddy\byte-buddy-agent\1.14.6\byte-buddy-agent-1.14.6.jar;C:\Users\crist\.m2\repository\org\objenesis\objenesis\3.3\objenesis-3.3.jar;C:\Users\crist\.m2\repository\org\mockito\mockito-junit-jupiter\5.5.0\mockito-junit-jupiter-5.5.0.jar
Launcher Type: SUN_STANDARD

[Global flags]
     intx CICompilerCount                          = 4                                         {product} {ergonomic}
     uint ConcGCThreads                            = 2                                         {product} {ergonomic}
     uint G1ConcRefinementThreads                  = 8                                         {product} {ergonomic}
   size_t G1HeapRegionSize                         = 1048576                                   {product} {ergonomic}
   size_t InitialHeapSize                          = 121634816                                 {product} {ergonomic}
   size_t MarkStackSize                            = 4194304                                   {product} {ergonomic}
   size_t MarkStackSizeMax                         = 536870912                                 {product} {ergonomic}
   size_t MaxHeapSize                              = 1946157056                                {product} {ergonomic}
   size_t MinHeapDeltaBytes                        = 1048576                                   {product} {ergonomic}
   size_t MinHeapSize                              = 8388608                                   {product} {ergonomic}
    uintx NonNMethodCodeHeapSize                   = 5832704                                {pd product} {ergonomic}
    uintx NonProfiledCodeHeapSize                  = 122945536                              {pd product} {ergonomic}
    uintx ProfiledCodeHeapSize                     = 122880000                              {pd product} {ergonomic}
    uintx ReservedCodeCacheSize                    = 251658240                              {pd product} {ergonomic}
     bool SegmentedCodeCache                       = true                                      {product} {ergonomic}
   size_t SoftMaxHeapSize                          = 1946157056                             {manageable} {ergonomic}
     bool UseCompressedOops                        = true                           {product lp64_product} {ergonomic}
     bool UseG1GC                                  = true                                      {product} {ergonomic}
     bool UseLargePagesIndividualAllocation        = false                                  {pd product} {ergonomic}

Logging:
Log output configuration:
 #0: stdout all=warning uptime,level,tags foldmultilines=false
 #1: stderr all=off uptime,level,tags foldmultilines=false

Release file:
<release file has not been read>
Environment Variables:
PATH=C:\Program Files (x86)\Common Files\Oracle\Java\java8path;C:\Program Files (x86)\Common Files\Oracle\Java\javapath;C:\windows\system32;C:\windows;C:\windows\System32\Wbem;C:\windows\System32\WindowsPowerShell\v1.0\;C:\windows\System32\OpenSSH\;C:\Program Files\PuTTY\;C:\Program Files\Git\cmd;C:\Users\crist\AppData\Local\Microsoft\WindowsApps;C:\Users\crist\AppData\Local\Programs\Microsoft VS Code\bin;C:\Users\crist\AppData\Local\Programs\IntelliJ IDEA 2025.3.1.1\bin
USERNAME=crist
OS=Windows_NT
PROCESSOR_IDENTIFIER=AMD64 Family 23 Model 160 Stepping 0, AuthenticAMD
TMP=C:\Users\crist\AppData\Local\Temp
TEMP=C:\Users\crist\AppData\Local\Temp




Compilation memory statistics disabled.

Periodic native trim disabled

---------------  S Y S T E M  ---------------

OS:
 Windows 11 , 64 bit Build 26100 (10.0.26100.9168)
OS uptime: 14 days 0:49 hours
Hyper-V role detected

CPU: total 8 (initial active 8) (8 cores per cpu, 2 threads per core) family 23 model 160 stepping 0 microcode 0x8a0000b, cx8, cmov, fxsr, ht, mmx, 3dnowpref, sse, sse2, sse3, ssse3, sse4a, sse4.1, sse4.2, popcnt, lzcnt, tsc, tscinvbit, avx, avx2, aes, clmul, bmi1, bmi2, adx, sha, fma, vzeroupper, clflush, clflushopt, clwb, hv, rdtscp, rdpid, f16c
Processor Information for the first 8 processors :
  Max Mhz: 2401, Current Mhz: 2401, Mhz Limit: 2401

Memory: 4k page, system-wide physical 7418M (1099M free)
TotalPageFile size 29946M (AvailPageFile size 1M)
current process WorkingSet (physical memory assigned to process): 14M, peak: 14M
current process commit charge ("private bytes"): 61M, peak: 176M

vm_info: OpenJDK 64-Bit Server VM (25.0.1+8-27) for windows-amd64 JRE (25.0.1+8-27), built on 2025-09-25T16:41:16Z with unknown MS VC++:1943

END.
